// Jest Snapshot v1, https://goo.gl/fbAQLP

exports[`Testing MainComp container... should render MainComp container 1`] = `
<div>
  <Helmet
    defaultTitle="Main-Component | Ensemble"
    defer={true}
    encodeSpecialCharacters={true}
  />
  <h1
    className="earlyDawn"
  >
    Hi from test
  </h1>
  <button
    onClick={[Function]}
  >
    handshake
  </button>
  <Link
    to="/app"
  >
    link
  </Link>
</div>
`;
